# Bake Begins!
### (1 of 6) Copy sources
$ cp -a /home/travis/build/fontdirectory/nanummyeongjo/METADATA.json /home/travis/build/fontdirectory/nanummyeongjo/builds/build
$ cp -a /home/travis/build/fontdirectory/nanummyeongjo/DESCRIPTION.en_us.html /home/travis/build/fontdirectory/nanummyeongjo/builds/build
$ cp -a NanumMyeongjo-ExtraBold.ttf.ttx NanumMyeongjo-ExtraBold.ttf._p_r_e_p.ttx NanumMyeongjo-ExtraBold.ttf._p_o_s_t.ttx NanumMyeongjo-ExtraBold.ttf._n_a_m_e.ttx NanumMyeongjo-ExtraBold.ttf._m_a_x_p.ttx NanumMyeongjo-ExtraBold.ttf._l_o_c_a.ttx NanumMyeongjo-ExtraBold.ttf._k_e_r_n.ttx NanumMyeongjo-ExtraBold.ttf._h_m_t_x.ttx NanumMyeongjo-ExtraBold.ttf._h_h_e_a.ttx NanumMyeongjo-ExtraBold.ttf._h_e_a_d.ttx NanumMyeongjo-ExtraBold.ttf._g_l_y_f.ttx NanumMyeongjo-ExtraBold.ttf._g_a_s_p.ttx NanumMyeongjo-ExtraBold.ttf._f_p_g_m.ttx NanumMyeongjo-ExtraBold.ttf._c_v_t.ttx NanumMyeongjo-ExtraBold.ttf._c_m_a_p.ttx NanumMyeongjo-ExtraBold.ttf.O_S_2f_2.ttx NanumMyeongjo-ExtraBold.ttf.GlyphOrder.ttx NanumMyeongjo-ExtraBold.ttf.G_P_O_S_.ttx /home/travis/build/fontdirectory/nanummyeongjo/builds/build/sources
### (2 of 6) pyfontaine
### (3 of 6) Run upstream tests
$ fontbakery-check.py upstream-repo sources
$ fontaine --collections subsets --text /home/travis/build/fontdirectory/nanummyeongjo/builds/build/sources/NanumMyeongjo-ExtraBold.ttf.ttx > fontaine.txt
WARNING: Please install [PyICU](https://pypi.python.org/pypi/PyICU) toenable [feature], perhaps with: pip install pyicu
end of pyfontaine process
bakery_lint.tests.upstream.test_prepolation.FontTestPrepolation.test_font_prepolation_glyph_contours(): OK
bakery_lint.tests.upstream.test_prepolation.FontTestPrepolation.test_font_prepolation_glyph_points(): OK
bakery_lint.tests.upstream.test_prepolation.FontTestPrepolation.test_font_test_prepolation_glyph_names(): OK
bakery_lint.tests.upstream.test_diacritic.TestDiacritic.test_diacritic_made_as_component(): OK
bakery_lint.tests.upstream.test_diacritic.TestDiacritic.test_diacritic_made_as_mark_to_mark(): OK
bakery_lint.tests.upstream.test_diacritic.TestDiacritic.test_diacritic_made_as_own_glyphs(): OK
bakery_lint.tests.upstream.test_check_upstream_sources.ProjectUpstreamTestCase.test_bakery_yaml_exists(): OK
bakery_lint.tests.upstream.test_check_upstream_sources.ProjectUpstreamTestCase.test_copyright_notices_same_across_family(): OK
bakery_lint.tests.upstream.test_check_upstream_sources.ProjectUpstreamTestCase.test_description_html_exists(): OK
bakery_lint.tests.upstream.test_check_upstream_sources.ProjectUpstreamTestCase.test_fontlog_txt_exists(): FAIL
bakery_lint.tests.upstream.test_check_upstream_sources.ProjectUpstreamTestCase.test_metadata_json_exists(): OK
$ fontbakery-check.py upstream-ttx NanumMyeongjo-ExtraBold.ttf.ttx
bakery_lint.tests.upstream.test_glyphname_does_not_contain_disallowed_chars.TestGlyphNameDoesNotContainsDisallowedChars.test_glyphname_does_not_contain_disallowed_chars(): FAIL
bakery_lint.tests.upstream.test_font_filename_eq_familystyle.TestTTFSourceFontFileNameEqualsFamilyStyle.test_source_ttf_font_filename_equals_familystyle(): FAIL
$ mv /home/travis/build/fontdirectory/nanummyeongjo/builds/build/sources/NanumMyeongjo-ExtraBold.ttf.ttx /home/travis/build/fontdirectory/nanummyeongjo/builds/build/sources/NanumMyeongjo-ExtraBold.ttx
bakery_lint.tests.upstream.test_font_filename_eq_familystyle.TestTTFSourceFontFileNameEqualsFamilyStyle.test_source_ttf_font_filename_equals_familystyle(): OK
bakery_lint.tests.upstream.test_check_ttx_requirements.SourceTTXTest.test_epar_in_keys(): FAIL
bakery_lint.tests.upstream.test_check_ttx_requirements.SourceTTXTest.test_os2_in_keys(): OK
bakery_lint.tests.upstream.test_check_ttx_requirements.SourceTTXTest.test_ttx_doesnt_contain_duplicate_glyphs(): FAIL
bakery_lint.tests.upstream.test_check_ttx_fontfamily_recommendations.TTX_FontFamilyNamingTest.test_ttx_family_naming_recommendation(): OK
### (4 of 6) Convert sources to TTF
$ ttx -d /home/travis/build/fontdirectory/nanummyeongjo/builds/build /home/travis/build/fontdirectory/nanummyeongjo/builds/build/sources/NanumMyeongjo-ExtraBold.ttx
Compiling "/home/travis/build/fontdirectory/nanummyeongjo/builds/build/sources/NanumMyeongjo-ExtraBold.ttx" to "/home/travis/build/fontdirectory/nanummyeongjo/builds/build/NanumMyeongjo-ExtraBold.ttf"...
Parsing 'GlyphOrder' table...
Parsing 'head' table...
Parsing 'hhea' table...
Parsing 'maxp' table...
Parsing 'OS/2' table...
Parsing 'hmtx' table...
Parsing 'cmap' table...
Parsing 'fpgm' table...
Parsing 'prep' table...
Parsing 'cvt ' table...
Parsing 'loca' table...
Parsing 'glyf' table...
Parsing 'kern' table...
Parsing 'name' table...
Parsing 'post' table...
Parsing 'gasp' table...
Parsing 'GPOS' table...
### Test NanumMyeongjo-ExtraBold.ttf
$ fontbakery-check.py result NanumMyeongjo-ExtraBold.ttf
bakery_lint.tests.downstream.test_names_are_ascii_only.CheckNamesAreASCIIOnly.test_check_names_are_ascii_only(): FAIL
$ fontbakery-fix-ascii-fontmetadata.py /home/travis/build/fontdirectory/nanummyeongjo/builds/build/NanumMyeongjo-ExtraBold.ttf
$ mv /home/travis/build/fontdirectory/nanummyeongjo/builds/build/NanumMyeongjo-ExtraBold.ttf.fix /home/travis/build/fontdirectory/nanummyeongjo/builds/build/NanumMyeongjo-ExtraBold.ttf
bakery_lint.tests.downstream.test_names_are_ascii_only.CheckNamesAreASCIIOnly.test_check_names_are_ascii_only(): OK
bakery_lint.tests.downstream.test_gpos_table_has_kerning_info.CheckGposTableHasKerningInfo.test_gpos_table_has_kerning_info(): OK
bakery_lint.tests.downstream.test_gasp_table_value.CheckGaspTableType.test_check_gasp_table_type(): OK
$ fontbakery-fix-gasp.py --set=15 /home/travis/build/fontdirectory/nanummyeongjo/builds/build/NanumMyeongjo-ExtraBold.ttf
$ mv /home/travis/build/fontdirectory/nanummyeongjo/builds/build/NanumMyeongjo-ExtraBold.ttf.fix /home/travis/build/fontdirectory/nanummyeongjo/builds/build/NanumMyeongjo-ExtraBold.ttf
This font contains both a 'kern' table and a 'GPOS' table.
  The 'kern' table will only be read if there is no 'kern' feature in 'GPOS'.
Warning: Mac string is a subset of the Windows string in the 'name' table
 for the Family string in the English (US) language.
Warning: Mac and Windows entries in the 'name' table differ for the
 SubFamily string in the language English (US)
 Mac String: ExtraBold
Windows String: Regular
Warning: Mac and Windows entries in the 'name' table differ for the
 Fullname string in the language English (US)
 Mac String: NanumMyeongjo ExtraBold
Windows String: NanumMyeongjoExtraBold
Warning: Mac and Windows entries in the 'name' table differ for the
 Family string in the language Korean
 Mac String: 3a (r) iA
Windows String:  ExtraBold
Warning: Mac and Windows entries in the 'name' table differ for the
 SubFamily string in the language Korean
 Mac String: ExtraBold
Windows String: Regular
Warning: Mac and Windows entries in the 'name' table differ for the
 Fullname string in the language Korean
 Mac String: 3a (r) iA ExtraBold
Windows String:  ExtraBold
Warning: Mac and Windows entries in the 'name' table differ for the
 Designer string in the language Korean
 Mac String: 1Ueo; AAoEn;
Windows String: ; ;
Glyph 21242 is called ".notdef", a singularly inept choice of name (only glyph 0
 may be called .notdef)
FontForge will rename it.
bakery_lint.tests.downstream.test_fontforge_validation_state.FontForgeValidateStateTest.test_allowed_numbers_paths_in_composite_glyphs(): OK
bakery_lint.tests.downstream.test_fontforge_validation_state.FontForgeValidateStateTest.test_allowed_numbers_paths_in_glyphs(): OK
bakery_lint.tests.downstream.test_fontforge_validation_state.FontForgeValidateStateTest.test_allowed_numbers_points_in_composite_glyphs(): OK
bakery_lint.tests.downstream.test_fontforge_validation_state.FontForgeValidateStateTest.test_allowed_numbers_points_in_glyphs(): OK
bakery_lint.tests.downstream.test_fontforge_validation_state.FontForgeValidateStateTest.test_duplicate_glyphs(): OK
bakery_lint.tests.downstream.test_fontforge_validation_state.FontForgeValidateStateTest.test_duplicate_unicode_codepoints(): OK
bakery_lint.tests.downstream.test_fontforge_validation_state.FontForgeValidateStateTest.test_flipped_reference_in_glyphs(): OK
bakery_lint.tests.downstream.test_fontforge_validation_state.FontForgeValidateStateTest.test_missing_anchors(): OK
bakery_lint.tests.downstream.test_fontforge_validation_state.FontForgeValidateStateTest.test_missing_extrema_in_glyphs(): FAIL
bakery_lint.tests.downstream.test_fontforge_validation_state.FontForgeValidateStateTest.test_overlapped_hints(): OK
bakery_lint.tests.downstream.test_fontforge_validation_state.FontForgeValidateStateTest.test_points_are_integer_aligned(): OK
bakery_lint.tests.downstream.test_fontforge_validation_state.FontForgeValidateStateTest.test_points_are_not_too_far_apart(): OK
bakery_lint.tests.downstream.test_fontforge_validation_state.FontForgeValidateStateTest.test_postscript_hasnt_limit_hints_in_glyphs(): OK
bakery_lint.tests.downstream.test_fontforge_validation_state.FontForgeValidateStateTest.test_postscript_hasnt_limit_points_in_glyphs(): OK
bakery_lint.tests.downstream.test_fontforge_validation_state.FontForgeValidateStateTest.test_referenced_glyphs_are_present(): OK
bakery_lint.tests.downstream.test_fontforge_validation_state.FontForgeValidateStateTest.test_valid_glyph_names(): OK
bakery_lint.tests.downstream.test_fontforge_validation_state.FontForgeValidateStateTest.test_valid_length_instructions(): OK
bakery_lint.tests.downstream.test_fontforge_validation_state.FontForgeValidateStateTest.test_validation_glyph_intersect(): FAIL
bakery_lint.tests.downstream.test_fontforge_validation_state.FontForgeValidateStateTest.test_validation_open_contours(): OK
bakery_lint.tests.downstream.test_fontforge_validation_state.FontForgeValidateStateTest.test_wrong_direction_in_glyphs(): FAIL
bakery_lint.tests.downstream.test_check_vertical_metrics.CheckVerticalLinegapMetrics.test_metrics_linegaps_are_zero(): OK
bakery_lint.tests.downstream.test_check_vertical_metrics.CheckVerticalAscentMetrics.test_metrics_ascents_equal_bbox(): FAIL
$ fontbakery-fix-vertical-metrics.py --autofix /home/travis/build/fontdirectory/nanummyeongjo/builds/build/NanumMyeongjo-ExtraBold.ttf
$ mv /home/travis/build/fontdirectory/nanummyeongjo/builds/build/NanumMyeongjo-ExtraBold.ttf.fix /home/travis/build/fontdirectory/nanummyeongjo/builds/build/NanumMyeongjo-ExtraBold.ttf
$ fontbakery-fix-vertical-metrics.py /home/travis/build/fontdirectory/nanummyeongjo/builds/build/NanumMyeongjo-ExtraBold.ttf
Parameter              NanumMyeongjo-ExtraBold.ttf    
ymax                   971                            
hhea.ascent            971                            
OS/2.sTypoAscender     971                            
OS/2.usWinAscent       971                            
ymin                   -247                           
hhea.descent           -247                           
OS/2.sTypoDescender    -247                           
OS/2.usWinDescent      247                            
hhea.lineGap           0                              
OS/2.sTypoLineGap      0                              
hhea total             1218                           
typo total             1218                           
win total              1218                           
UPM:Heights            1024:1218                      
UPM:Heights %          118 %                          


bakery_lint.tests.downstream.test_check_vertical_metrics.CheckVerticalAscentMetrics.test_metrics_ascents_equal_bbox(): OK
bakery_lint.tests.downstream.test_check_vertical_metrics.CheckVerticalDescentMetrics.test_metrics_descents_equal_bbox(): OK
bakery_lint.tests.downstream.test_check_upm_heights_less_120.TestCheckUPMHeightsLess120.test_check_upm_heigths_less_120(): OK
bakery_lint.tests.downstream.test_check_unused_glyph_data.CheckUnusedGlyphData.test_check_unused_glyph_data(): ERROR
bakery_lint.tests.downstream.test_check_unencoded_glyph.TestFontUnencodedGlyph.test_font_unencoded_glyphs(): ERROR
bakery_lint.tests.downstream.test_check_panose_identification.CheckPanoseIdentification.test_check_panose_identification(): OK
bakery_lint.tests.downstream.test_check_os2_width_class.CheckOS2WidthClass.test_check_os2_width_class(): OK
bakery_lint.tests.downstream.test_check_no_problematic_formats.CheckNoProblematicFormats.test_check_no_problematic_formats(): OK
bakery_lint.tests.downstream.test_check_nbsp_width_matches_sp_width.CheckNbspWidthMatchesSpWidth.test_check_nbsp_width_matches_sp_width(): FAIL
$ fontbakery-fix-nbsp.py /home/travis/build/fontdirectory/nanummyeongjo/builds/build/NanumMyeongjo-ExtraBold.ttf
$ mv /home/travis/build/fontdirectory/nanummyeongjo/builds/build/NanumMyeongjo-ExtraBold.ttf.fix /home/travis/build/fontdirectory/nanummyeongjo/builds/build/NanumMyeongjo-ExtraBold.ttf
bakery_lint.tests.downstream.test_check_nbsp_width_matches_sp_width.CheckNbspWidthMatchesSpWidth.test_check_nbsp_width_matches_sp_width(): FAIL
bakery_lint.tests.downstream.test_check_names_same_across_platforms.CheckNamesSameAcrossPlatforms.test_check_names_same_across_platforms(): FAIL
bakery_lint.tests.downstream.test_check_name_table_recommendation.CheckStyleNameRecommendation.test_check_stylename_is_under_recommendations(): FAIL
$ fontbakery-fix-opentype-names.py /home/travis/build/fontdirectory/nanummyeongjo/builds/build/NanumMyeongjo-ExtraBold.ttf
$ mv /home/travis/build/fontdirectory/nanummyeongjo/builds/build/NanumMyeongjo-ExtraBold.ttf.fix /home/travis/build/fontdirectory/nanummyeongjo/builds/build/NanumMyeongjo-ExtraBold.ttf
bakery_lint.tests.downstream.test_check_name_table_recommendation.CheckStyleNameRecommendation.test_check_stylename_is_under_recommendations(): FAIL
bakery_lint.tests.downstream.test_check_name_table_recommendation.CheckOTFamilyNameRecommendation.test_check_opentype_familyname(): OK
bakery_lint.tests.downstream.test_check_name_table_recommendation.CheckOTStyleNameRecommendation.test_check_opentype_stylename(): FAIL
$ fontbakery-fix-opentype-names.py /home/travis/build/fontdirectory/nanummyeongjo/builds/build/NanumMyeongjo-ExtraBold.ttf
$ mv /home/travis/build/fontdirectory/nanummyeongjo/builds/build/NanumMyeongjo-ExtraBold.ttf.fix /home/travis/build/fontdirectory/nanummyeongjo/builds/build/NanumMyeongjo-ExtraBold.ttf
bakery_lint.tests.downstream.test_check_name_table_recommendation.CheckOTStyleNameRecommendation.test_check_opentype_stylename(): FAIL
bakery_lint.tests.downstream.test_check_name_table_recommendation.CheckOTFullNameRecommendation.test_check_opentype_fullname(): OK
bakery_lint.tests.downstream.test_check_magic_prep_code.CheckMagicPREPByteCode.test_prep_magic_code(): FAIL
bakery_lint.tests.downstream.test_check_license_included.CheckLicenseIncluded.test_license_included_in_font_names(): OK
bakery_lint.tests.downstream.test_check_italic_angle_agreement.CheckItalicAngleAgreement.test_check_italic_angle_agreement(): OK
bakery_lint.tests.downstream.test_check_hmtx_hhea_max_advance_width_agreement.CheckHmtxHheaMaxAdvanceWidthAgreement.test_check_hmtx_hhea_max_advance_width_agreement(): OK
bakery_lint.tests.downstream.test_check_glyph_existence.CheckGlyphExistence.test_euro(): OK
bakery_lint.tests.downstream.test_check_glyph_existence.CheckGlyphExistence.test_nbsp(): OK
bakery_lint.tests.downstream.test_check_glyph_existence.CheckGlyphExistence.test_space(): OK
bakery_lint.tests.downstream.test_check_glyf_table_length.CheckGlyfTableLength.test_check_glyf_table_length(): FAIL
bakery_lint.tests.downstream.test_check_full_font_name_begins_with_family_name.CheckFullFontNameBeginsWithFamilyName.test_check_full_font_name_begins_with_family_name(): OK
bakery_lint.tests.downstream.test_check_fontname_matches_macstyle.CheckFontNameEqualToMacStyleFlags.test_fontname_is_equal_to_macstyle(): FAIL
bakery_lint.tests.downstream.test_check_font_tables.CheckFontHasDsigTable.test_check_font_has_dsig_table(): FAIL
$ fontbakery-fix-dsig.py /home/travis/build/fontdirectory/nanummyeongjo/builds/build/NanumMyeongjo-ExtraBold.ttf
$ mv /home/travis/build/fontdirectory/nanummyeongjo/builds/build/NanumMyeongjo-ExtraBold.ttf.fix /home/travis/build/fontdirectory/nanummyeongjo/builds/build/NanumMyeongjo-ExtraBold.ttf
bakery_lint.tests.downstream.test_check_font_tables.CheckFontHasDsigTable.test_check_font_has_dsig_table(): OK
bakery_lint.tests.downstream.test_check_font_tables.CheckFontHasNotKernTable.test_no_kern_table_exists(): OK
bakery_lint.tests.downstream.test_check_font_agreements.CheckFsTypeIsNotSet.test_is_fstype_not_set(): FAIL
$ fontbakery-fix-fstype.py --autofix /home/travis/build/fontdirectory/nanummyeongjo/builds/build/NanumMyeongjo-ExtraBold.ttf
$ mv /home/travis/build/fontdirectory/nanummyeongjo/builds/build/NanumMyeongjo-ExtraBold.ttf.fix /home/travis/build/fontdirectory/nanummyeongjo/builds/build/NanumMyeongjo-ExtraBold.ttf
bakery_lint.tests.downstream.test_check_font_agreements.CheckFsTypeIsNotSet.test_is_fstype_not_set(): OK
$ fontbakery-fix-fstype.py --autofix /home/travis/build/fontdirectory/nanummyeongjo/builds/build/NanumMyeongjo-ExtraBold.ttf
$ mv /home/travis/build/fontdirectory/nanummyeongjo/builds/build/NanumMyeongjo-ExtraBold.ttf.fix /home/travis/build/fontdirectory/nanummyeongjo/builds/build/NanumMyeongjo-ExtraBold.ttf
bakery_lint.tests.downstream.test_check_font_agreements.CheckFontAgreements.test_em_is_1000(): FAIL
bakery_lint.tests.downstream.test_check_font_agreements.CheckFontAgreements.test_font_is_font(): OK
bakery_lint.tests.downstream.test_check_font_agreements.CheckFontAgreements.test_latin_file_exists(): FAIL
bakery_lint.tests.downstream.test_check_font_agreements.CheckFontAgreements.test_menu_file_exists(): FAIL
### Optimize TTF NanumMyeongjo-ExtraBold.ttf
$ ls -l 'NanumMyeongjo-ExtraBold.ttf'* # look at the size savings of that subset process
NanumMyeongjo-ExtraBold.ttf.opt: 4545684 bytes
NanumMyeongjo-ExtraBold.ttf: 4728708 bytes
$ mv /home/travis/build/fontdirectory/nanummyeongjo/builds/build/NanumMyeongjo-ExtraBold.ttf.opt /home/travis/build/fontdirectory/nanummyeongjo/builds/build/NanumMyeongjo-ExtraBold.ttf
### Autohint TTFs (ttfautohint) NanumMyeongjo-ExtraBold.ttf
$ ttfautohint -l 7 -r 28 -G 50 -x 13 -w "G" /home/travis/build/fontdirectory/nanummyeongjo/builds/build/NanumMyeongjo-ExtraBold.ttf '/home/travis/build/fontdirectory/nanummyeongjo/builds/build/NanumMyeongjo-ExtraBold.autohint.ttf'

$ ls -l /home/travis/build/fontdirectory/nanummyeongjo/builds/build/NanumMyeongjo-ExtraBold.*ttf # look at the size savings of that subset process
/home/travis/build/fontdirectory/nanummyeongjo/builds/build/NanumMyeongjo-ExtraBold.ttf: 4545684 bytes
/home/travis/build/fontdirectory/nanummyeongjo/builds/build/NanumMyeongjo-ExtraBold.autohint.ttf: 2470140 bytes
$ mv /home/travis/build/fontdirectory/nanummyeongjo/builds/build/NanumMyeongjo-ExtraBold.autohint.ttf /home/travis/build/fontdirectory/nanummyeongjo/builds/build/NanumMyeongjo-ExtraBold.ttf
### Subset TTFs (pyftsubset) NanumMyeongjo-ExtraBold.ttf
$ pyftsubset NanumMyeongjo-ExtraBold.latin
$ pyftsubset NanumMyeongjo-ExtraBold.menu
strippedname:/home/travis/build/fontdirectory/nanummyeongjo/builds/build/NanumMyeongjo-ExtraBold.ttf
spaceWidth is    307
nbspWidth is     307
Nothing to do
### (5 of 6) Generate METADATA.json (fontbakery-build-metadata.py)
$ fontbakery-build-metadata.py /home/travis/build/fontdirectory/nanummyeongjo/builds/build
{} exists
FATAL: No *-Regular.ttf found to set family name!
WARNING: No *-Regular.ttf to calculate gzipped filesize!
Family Name: UNKNOWN
PS Name: NanumMyeongjoExtraBold
Full Name: NanumMyeongjoExtraBold
Style: normal
Weight: 700
Filename: NanumMyeongjo-ExtraBold.ttf
Copyright: Copyright (c) 2010 NHN Corporation. All rights reserved. Font designed by FONTRIX.
### (6 of 6) Run tests for METADATA.json
$ fontbakery-check.py metadata METADATA.json
bakery_lint.tests.metadata_test.MetadataSubsetsListTest.test_charset_korean(): FAIL
bakery_lint.tests.metadata_test.MetadataSubsetsListTest.test_charset_menu(): OK
bakery_lint.tests.metadata_test.MetadataTest.test_description_is_more_than_500b(): OK
bakery_lint.tests.metadata_test.MetadataTest.test_description_is_valid_html(): FAIL
bakery_lint.tests.metadata_test.MetadataTest.test_does_not_familyName_exist_in_daltonmaag_catalogue(): FAIL
bakery_lint.tests.metadata_test.MetadataTest.test_does_not_familyName_exist_in_fontbureau_catalogue(): OK
bakery_lint.tests.metadata_test.MetadataTest.test_does_not_familyName_exist_in_fontscom_catalogue(): OK
bakery_lint.tests.metadata_test.MetadataTest.test_does_not_familyName_exist_in_fontshop_catalogue(): FAIL
bakery_lint.tests.metadata_test.MetadataTest.test_does_not_familyName_exist_in_fontsmith_catalogue(): FAIL
bakery_lint.tests.metadata_test.MetadataTest.test_does_not_familyName_exist_in_houseind_catalogue(): OK
bakery_lint.tests.metadata_test.MetadataTest.test_does_not_familyName_exist_in_myfonts_catalogue(): OK
bakery_lint.tests.metadata_test.MetadataTest.test_does_not_familyName_exist_in_veer_catalogue(): FAIL
bakery_lint.tests.metadata_test.MetadataTest.test_family_is_listed_in_gwf(): FAIL
bakery_lint.tests.metadata_test.MetadataTest.test_metadata_atleast_latin_menu_subsets_exist(): FAIL
/home/travis/virtualenv/python2.7.8/lib/python2.7/site-packages/bakery_lint/tests/metadata_test.py:141: UnicodeWarning: Unicode equal comparison failed to convert both arguments to Unicode - interpreting them as being unequal
  self.assertTrue(designer in designers,
bakery_lint.tests.metadata_test.MetadataTest.test_metadata_designer_exists_in_profiles_csv(): FAIL
bakery_lint.tests.metadata_test.MetadataTest.test_metadata_fonts_items_dicts(): OK
bakery_lint.tests.metadata_test.MetadataTest.test_metadata_fonts_key_list(): OK
bakery_lint.tests.metadata_test.MetadataTest.test_metadata_fonts_no_dupes(): OK
bakery_lint.tests.metadata_test.MetadataTest.test_metadata_has_unique_style_weight_pairs(): OK
bakery_lint.tests.metadata_test.MetadataTest.test_metadata_keys(): OK
bakery_lint.tests.metadata_test.MetadataTest.test_metadata_license(): OK
bakery_lint.tests.metadata_test.MetadataTest.test_metadata_no_unknown_top_keys(): OK
bakery_lint.tests.metadata_test.MetadataTest.test_metadata_subsets_key_list(): OK
bakery_lint.tests.metadata_test.MetadataTest.test_metadata_top_keys_types(): OK
bakery_lint.tests.downstream.test_metadata_font_copyright.CheckMetadataContainsReservedFontName.test_copyright_contains_correct_rfn(): FAIL
bakery_lint.tests.downstream.test_metadata_font_copyright.CheckMetadataContainsReservedFontName.test_copyright_is_consistent_across_family(): OK
bakery_lint.tests.downstream.test_metadata_font_copyright.CheckMetadataContainsReservedFontName.test_copyright_matches_pattern(): FAIL
bakery_lint.tests.downstream.test_metadata_font_copyright.CheckMetadataContainsReservedFontName.test_metadata_copyright_size(): OK
bakery_lint.tests.downstream.test_metadata_agreements.TestFontOnDiskFamilyEqualToMetadataJSON.test_font_on_disk_family_equal_in_metadata_json(): FAIL
bakery_lint.tests.downstream.test_metadata_agreements.TestPostScriptNameInMetadataEqualFontOnDisk.test_postscriptname_in_metadata_equal_to_font_on_disk(): OK
bakery_lint.tests.downstream.test_metadata_agreements.CheckMetadataAgreements.test_font_name_matches_family(): ERROR
bakery_lint.tests.downstream.test_metadata_agreements.CheckMetadataAgreements.test_metadata_family_values_are_all_the_same(): OK
bakery_lint.tests.downstream.test_metadata_agreements.CheckMetadataAgreements.test_metadata_filename_matches_postscriptname(): FAIL
bakery_lint.tests.downstream.test_metadata_agreements.CheckMetadataAgreements.test_metadata_font_have_regular(): OK
bakery_lint.tests.downstream.test_metadata_agreements.CheckMetadataAgreements.test_metadata_fonts_fields_have_fontname(): ERROR
bakery_lint.tests.downstream.test_metadata_agreements.CheckMetadataAgreements.test_metadata_fullname_is_equal_to_internal_font_fullname(): ERROR
bakery_lint.tests.downstream.test_metadata_agreements.CheckMetadataAgreements.test_metadata_fullname_matches_postScriptName(): OK
bakery_lint.tests.downstream.test_metadata_agreements.CheckMetadataAgreements.test_metadata_regular_is_400(): OK
bakery_lint.tests.downstream.test_metadata_agreements.CheckMetadataAgreements.test_metadata_regular_is_normal(): FAIL
bakery_lint.tests.downstream.test_check_text_files_exist.CheckTextFilesExist.test_copyrighttxt_exists(): FAIL
bakery_lint.tests.downstream.test_check_text_files_exist.CheckTextFilesExist.test_description_exists(): OK
bakery_lint.tests.downstream.test_check_text_files_exist.CheckTextFilesExist.test_fontlogtxt_exists(): FAIL
bakery_lint.tests.downstream.test_check_text_files_exist.CheckTextFilesExist.test_licensetxt_exists(): FAIL
bakery_lint.tests.downstream.test_check_subsets_exists.CheckSubsetsExist.test_check_subsets_exists(): FAIL
bakery_lint.tests.downstream.test_check_monospace_agreements.CheckMonospaceAgreement.test_check_monospace_agreement(): OK
bakery_lint.tests.downstream.test_check_metadata_style_matches_names.CheckItalicStyleMatchesMacStyle.test_check_italic_style_matches_names(): OK
bakery_lint.tests.downstream.test_check_metadata_style_matches_names.CheckNormalStyleMatchesMacStyle.test_check_normal_style_matches_names(): ERROR
bakery_lint.tests.downstream.test_check_metadata_matches_nametable.CheckMetadataMatchesNameTable.test_check_metadata_matches_nametable(): ERROR
bakery_lint.tests.downstream.test_check_metadata_fields.CheckMetadataFields.test_check_metadata_fields(): OK
bakery_lint.tests.downstream.test_check_menu_contains_proper_glyphs.CheckMenuSubsetContainsProperGlyphs.test_check_menu_contains_proper_glyphs(): ERROR
bakery_lint.tests.downstream.test_check_glyph_consistency.CheckGlyphConsistencyInFamily.test_the_same_encodings_of_glyphs_across_family(): ERROR
bakery_lint.tests.downstream.test_check_glyph_consistency.CheckGlyphConsistencyInFamily.test_the_same_names_of_glyphs_across_family(): ERROR
bakery_lint.tests.downstream.test_check_glyph_consistency.CheckGlyphConsistencyInFamily.test_the_same_number_of_glyphs_across_family(): ERROR
bakery_lint.tests.downstream.test_check_font_name_not_in_camelcase.CheckFontNameNotInCamelCase.test_fontname_not_in_camel_case(): OK
bakery_lint.tests.downstream.test_check_files_menu_agreements.CheckFontsMenuAgreements.test_menu_file_agreement(): FAIL
bakery_lint.tests.downstream.test_check_familyname_matches_fontnames.CheckFamilyNameMatchesFontNames.test_check_familyname_matches_fontnames(): OK
bakery_lint.tests.downstream.test_check_canonical_weights.CheckCanonicalWeights.test_check_canonical_weights(): ERROR
bakery_lint.tests.downstream.test_check_canonical_weights.CheckPostScriptNameMatchesWeight.test_postscriptname_contains_correct_weight(): FAIL
bakery_lint.tests.downstream.test_check_canonical_weights.CheckFontWeightSameAsInMetadata.test_font_weight_same_as_in_metadata(): ERROR
bakery_lint.tests.downstream.test_check_canonical_weights.CheckFullNameEqualCanonicalName.test_metadata_contains_current_font(): ERROR
bakery_lint.tests.downstream.test_check_canonical_styles.CheckCanonicalStyles.test_check_canonical_styles(): ERROR
bakery_lint.tests.downstream.test_check_canonical_filenames.CheckCanonicalFilenames.test_check_canonical_filenames(): FAIL
{
  "name": "Nanum Myeongjo", 
  "designer": "Sandoll Communication", 
  "license": "OFL", 
  "visibility": "Sandbox", 
  "category": "Handwriting", 
  "size": 1355463, 
  "fonts": [
    {
      "name": "UNKNOWN", 
      "postScriptName": "NanumMyeongjoExtraBold", 
      "fullName": "NanumMyeongjoExtraBold", 
      "style": "normal", 
      "weight": 700, 
      "filename": "NanumMyeongjo-ExtraBold.ttf", 
      "copyright": "Copyright (c) 2010 NHN Corporation. All rights reserved. Font designed by FONTRIX."
    }
  ], 
  "subsets": [
    "latin", 
    "menu"
  ], 
  "dateAdded": "2012-05-09"
}
